165 jobs, 0 cached, 165 to run
  H1a_delta63_production: done in 93s
  H1a_delta63_d02: done in 101s
  H1a_delta63_d01: done in 132s
  H1a_delta63_d03: done in 97s
  H1a_delta63_d04: done in 94s
  H1a_delta63_d05: done in 97s
  H1a_delta63_d06: done in 141s
  H1a_delta63_d08: done in 108s
  H1a_delta63_d07: done in 147s
  H1a_delta63_d10: done in 89s
  H1b_delta126_production: done in 101s
  H1a_delta63_d09: done in 117s
  H1b_delta126_d01: done in 117s
  H1b_delta126_d03: done in 101s
  H1b_delta126_d02: done in 118s
  H1b_delta126_d05: done in 102s
  H1b_delta126_d04: done in 123s
  H1b_delta126_d06: done in 110s
  H1b_delta126_d07: done in 131s
  H1b_delta126_d09: done in 126s
  H1b_delta126_d08: done in 136s
  H1b_delta126_d10: done in 106s
  H1c_lastchange126_production: done in 122s
  H1c_lastchange126_d01: done in 132s
  H1c_lastchange126_d02: done in 120s
  H1c_lastchange126_d03: done in 114s
  H1c_lastchange126_d04: done in 106s
  H1c_lastchange126_d05: done in 106s
  H1c_lastchange126_d07: done in 104s
  H1c_lastchange126_d06: done in 128s
  H1c_lastchange126_d08: done in 103s
  H1c_lastchange126_d09: done in 95s
  H1c_lastchange126_d10: done in 103s
  H2a_eadist63_production: done in 95s
  H2a_eadist63_d01: done in 120s
  H2a_eadist63_d02: done in 112s
  H2a_eadist63_d03: done in 95s
  H2a_eadist63_d04: done in 128s
  H2a_eadist63_d05: done in 128s
  H2a_eadist63_d06: done in 112s
  H2a_eadist63_d07: done in 86s
  H2a_eadist63_d08: done in 86s
  H2a_eadist63_d09: done in 120s
  H2a_eadist63_d10: done in 130s
  H2b_eadist58_production: done in 123s
  H2b_eadist58_d01: done in 97s
  H2b_eadist58_d03: done in 104s
  H2b_eadist58_d02: done in 127s
  H2b_eadist58_d04: done in 112s
  H2b_eadist58_d05: done in 112s
  H2b_eadist58_d06: done in 112s
  H2b_eadist58_d07: done in 120s
  H2b_eadist58_d08: done in 103s
  H2b_eadist58_d10: done in 98s
  H2b_eadist58_d09: done in 126s
  H2c_salesdist63_production: done in 106s
  H2c_salesdist63_d02: done in 92s
  H2c_salesdist63_d01: done in 102s
  H2c_salesdist63_d03: done in 97s
  H2c_salesdist63_d04: done in 104s
  H2c_salesdist63_d05: done in 122s
  H2c_salesdist63_d06: done in 112s
  H2c_salesdist63_d07: done in 95s
  H2c_salesdist63_d08: done in 112s
  H2c_salesdist63_d09: done in 112s
  H3a_numest_af_yoy_production: done in 113s
  H3a_numest_af_yoy_d01: done in 113s
  H3a_numest_af_yoy_d02: done in 96s
  H2c_salesdist63_d10: done in 298s
  H3a_numest_af_yoy_d03: done in 94s
  H3a_numest_af_yoy_d04: done in 89s
  H3a_numest_af_yoy_d05: done in 113s
  H3a_numest_af_yoy_d07: done in 90s
  H3a_numest_af_yoy_d06: done in 129s
  H3a_numest_af_yoy_d08: done in 106s
  H3a_numest_af_yoy_d10: done in 109s
  H3a_numest_af_yoy_d09: done in 119s
  H3b_numest_qf_yoy_production: done in 89s
  H3b_numest_qf_yoy_d02: done in 98s
  H3b_numest_qf_yoy_d01: done in 117s
  H3b_numest_qf_yoy_d03: done in 100s
  H3b_numest_qf_yoy_d04: done in 117s
  H3b_numest_qf_yoy_d05: done in 134s
  H3b_numest_qf_yoy_d06: done in 117s
  H3b_numest_qf_yoy_d07: done in 110s
  H3b_numest_qf_yoy_d08: done in 94s
  H3b_numest_qf_yoy_d09: done in 92s
  H3b_numest_qf_yoy_d10: done in 109s
  H3c_totalrec_yoy_production: done in 117s
  H3c_totalrec_yoy_d01: done in 103s
  H3c_totalrec_yoy_d03: done in 111s
  H3c_totalrec_yoy_d02: done in 159s
  H3c_totalrec_yoy_d04: done in 126s
  H3c_totalrec_yoy_d05: done in 89s
  H3c_totalrec_yoy_d06: done in 88s
  H3c_totalrec_yoy_d07: done in 106s
  H3c_totalrec_yoy_d09: done in 115s
  H3c_totalrec_yoy_d10: done in 97s
  H4a_ltg_sector_production: done in 98s
  H4a_ltg_sector_d02: done in 119s
  H3c_totalrec_yoy_d08: done in 379s
  H4a_ltg_sector_d03: done in 120s
  H4a_ltg_sector_d04: done in 128s
  H4a_ltg_sector_d05: done in 111s
  H4a_ltg_sector_d06: done in 111s
  H4a_ltg_sector_d07: done in 120s
  H4a_ltg_sector_d08: done in 103s
  H4a_ltg_sector_d09: done in 121s
  H4a_ltg_sector_d10: done in 114s
  H4b_ltg_industry_d01: done in 96s
  H4b_ltg_industry_production: done in 112s
  H4b_ltg_industry_d02: done in 107s
  H4b_ltg_industry_d03: done in 121s
  H4b_ltg_industry_d05: done in 98s
  H4b_ltg_industry_d04: done in 125s
  H4b_ltg_industry_d07: done in 108s
  H4b_ltg_industry_d06: done in 117s
  H4b_ltg_industry_d08: done in 89s
  H4b_ltg_industry_d09: done in 124s
  H4c_ltg_subindustry_production: done in 111s
  H4b_ltg_industry_d10: done in 166s
  H4c_ltg_subindustry_d02: done in 87s
  H4c_ltg_subindustry_d01: done in 116s
  H4c_ltg_subindustry_d03: done in 107s
  H4c_ltg_subindustry_d04: done in 98s
  H4c_ltg_subindustry_d05: done in 121s
  H4c_ltg_subindustry_d06: done in 124s
  H4c_ltg_subindustry_d07: done in 107s
  H4a_ltg_sector_d01: ERROR timed out: {}
  H4c_ltg_subindustry_d10: done in 87s
  H4c_ltg_subindustry_d08: done in 200s
  H4c_ltg_subindustry_d09: done in 156s
  H5a_ivrv30_d01: done in 86s
  H5a_ivrv30_production: done in 109s
  H5a_ivrv30_d03: done in 90s
  H5a_ivrv30_d02: done in 125s
  H5a_ivrv30_d04: done in 92s
  H5a_ivrv30_d05: done in 99s
  H5a_ivrv30_d06: done in 117s
  H5a_ivrv30_d07: done in 125s
  H5a_ivrv30_d08: done in 108s
  H5a_ivrv30_d09: done in 128s
  H5a_ivrv30_d10: done in 110s
  H5b_ivrv90_production: done in 122s
  H5b_ivrv90_d01: done in 96s
  H5b_ivrv90_d02: done in 114s
  H5b_ivrv90_d03: done in 95s
  H5b_ivrv90_d04: done in 95s
  H5b_ivrv90_d05: done in 103s
  H5b_ivrv90_d06: done in 112s
  H5b_ivrv90_d07: done in 130s
  H5b_ivrv90_d08: done in 107s
  H5b_ivrv90_d09: done in 105s
  H5b_ivrv90_d10: done in 110s
  H5c_ivrv30_mean21_production: done in 133s
  H5c_ivrv30_mean21_d01: done in 109s
  H5c_ivrv30_mean21_d02: done in 126s
  H5c_ivrv30_mean21_d03: done in 117s
  H5c_ivrv30_mean21_d04: done in 109s
  H5c_ivrv30_mean21_d05: done in 100s
  H5c_ivrv30_mean21_d06: done in 100s
  H5c_ivrv30_mean21_d07: done in 117s
  H5c_ivrv30_mean21_d08: done in 92s
  H5c_ivrv30_mean21_d09: done in 88s
  H5c_ivrv30_mean21_d10: done in 112s
